[Licensing::Module] Trying to connect to existing licensing client channel...
Built from '6000.5/staging' branch; Version is '6000.5.9f1 (b57deb96f08d) revision 11894251'; Using compiler version '194234433'; Build Type 'Release'
[Licensing::IpcConnector] Successfully connected to: "LicenseClient-dario" at "2026-09-06T12:14:48.2269939Z"
OS: 'Windows 11  (10.0.26200) Professional' Language: 'it' Physical Memory: 31938 MB
BatchMode: 1, IsHumanControllingUs: 0, StartBugReporterOnCrash: 0, Is64bit: 1
System  architecture: x64
Process architecture: x64
Date: 2026-09-06T12:14:48Z

COMMAND LINE ARGUMENTS:
C:\Program Files\Unity\Hub\Editor\6000.5.9f1\Editor\Unity.exe
-adb2
-batchMode
-noUpm
-name
AssetImportWorkerHW11
-projectPath
C:/Users/dario/GATE_ZERO
-logFile
Logs/AssetImportWorkerHW11.log
-srvPort
56542
-parentPid
16372
-analyticsCloudUserId
6872075399360
-analyticsCloudProjectId
0b45e260-ec79-40b7-9c32-e4586106e730
-analyticsLocalProjectId
e0af403eceb3d384b830aac09eb0bf87
-editorAnalyticsEnabled
1
-cbmEditorLicense
78209a4bc4a2f87dc82912a887d906e1be653470
-cbmMachineId
1mBKM/KRRn+wrjIQ7P5n4qeVsdw=
-noDiagnosticSwitchPersistentStore
-job-worker-count
5
-background-job-worker-count
8
-asset-garbage-collectors
1
-force-d3d12
-name
AssetImport
Successfully changed project path to: C:/Users/dario/GATE_ZERO
C:/Users/dario/GATE_ZERO
[UnityMemory] Configuration Parameters - Can be set up in boot.config
    "memorysetup-temp-allocator-size-gi-baking-worker=262144"
    "memorysetup-temp-allocator-size-gi-baking-worker=262144"
    "memorysetup-temp-allocator-size-gi-baking-worker=262144"
    "memorysetup-temp-allocator-size-gi-baking-worker=262144"
    "memorysetup-temp-allocator-size-gi-baking-worker=262144"
    "memorysetup-temp-allocator-size-nav-mesh-worker=65536"
    "memorysetup-temp-allocator-size-audio-worker=65536"
    "memorysetup-temp-allocator-size-cloud-worker=32768"
    "memorysetup-temp-allocator-size-gfx=262144"
    "memorysetup-remapper-allocator-initial-capacity=32768"
    "memorysetup-temp-allocator-size-preload-manager=33554432"
    "memorysetup-allocator-temp-initial-block-size-main=262144"
    "memorysetup-allocator-temp-initial-block-size-worker=262144"
    "memorysetup-temp-allocator-size-job-worker=262144"
    "memorysetup-temp-allocator-size-background-worker=32768"
    "memorysetup-bucket-allocator-granularity=16"
    "memorysetup-bucket-allocator-bucket-count=8"
    "memorysetup-bucket-allocator-block-size=33554432"
    "memorysetup-bucket-allocator-block-count=8"
    "memorysetup-main-allocator-block-size=16777216"
    "memorysetup-thread-allocator-block-size=16777216"
    "memorysetup-main-allocator-mimalloc-enabled=0"
    "memorysetup-gfx-main-allocator-block-size=16777216"
    "memorysetup-gfx-thread-allocator-block-size=16777216"
    "memorysetup-cache-allocator-block-size=4194304"
    "memorysetup-typetree-allocator-block-size=2097152"
    "memorysetup-profiler-bucket-allocator-granularity=16"
    "memorysetup-profiler-bucket-allocator-bucket-count=8"
    "memorysetup-profiler-bucket-allocator-block-size=33554432"
    "memorysetup-profiler-bucket-allocator-block-count=8"
    "memorysetup-profiler-allocator-block-size=16777216"
    "memorysetup-profiler-editor-allocator-block-size=1048576"
    "memorysetup-temp-allocator-size-main=16777216"
    "memorysetup-job-temp-allocator-block-size=2097152"
    "memorysetup-job-temp-allocator-block-size-background=1048576"
    "memorysetup-job-temp-allocator-reduction-small-platforms=262144"
Player connection [20896]  Target information:

Player connection [20896]  * "[IP] 192.168.1.8 [Port] 0 [Flags] 2 [Guid] 3388843303 [EditorId] 3388843303 [Version] 1048832 [Id] WindowsEditor(7,Dario) [Debug] 1 [PackageName] WindowsEditor [ProjectName] Editor" 

Player connection [20896] Host joined multi-casting on [225.0.0.222:54997]...
Player connection [20896] Host joined alternative multi-casting on [225.0.0.222:34997]...
JobSystem: Creating JobQueue using job-worker-count value 5
Input System module state changed to: Initialized.
[Physics::Module] Initialized fallback backend.
[Physics::Module] Id: 0xdecafbad
Library Redirect Path: Library/
[Physics::Module] Selected backend.
[Physics::Module] Name: PhysX
[Physics::Module] Id: 0xf2b8ea05
[Physics::Module] SDK Version: 4.1.2
[Physics::Module] Integration Version: 1.0.0
[Physics::Module] Threading Mode: Multi-Threaded
Refreshing native plugins compatible for Editor in 2.92 ms, found 4 plugins.
Initialize engine version: 6000.5.9f1 (b57deb96f08d)
[Subsystems] Discovering subsystems at path C:/Program Files/Unity/Hub/Editor/6000.5.9f1/Editor/Data/Resources/UnitySubsystems
[Subsystems] Discovering subsystems at path C:/Users/dario/GATE_ZERO/Assets
Forcing GfxDevice: Direct3D 12
GfxDevice: creating device client; kGfxThreadingModeNonThreaded
d3d12: failed to query info queue interface (0x80004002).
Direct3D:
    Version:         Direct3D 12 [level 12.2]
    Renderer:        AMD Radeon RX 9070 XT (ID=0x7550)
    Vendor:          ATI
    VRAM:            16188 MB
    App VRAM Budget: 15416 MB
    Driver:          32.0.31041.1004
Initialize mono
Mono path[0] = 'C:/Program Files/Unity/Hub/Editor/6000.5.9f1/Editor/Data/Managed'
Mono path[1] = 'C:/Program Files/Unity/Hub/Editor/6000.5.9f1/Editor/Data/BCLExtensions/runtime/netstandard2.1'
Mono path[2] = 'C:/Program Files/Unity/Hub/Editor/6000.5.9f1/Editor/Data/MonoBleedingEdge/lib/mono/unityjit-win32'
Mono config path = 'C:/Program Files/Unity/Hub/Editor/6000.5.9f1/Editor/Data/MonoBleedingEdge/etc'
Using monoOptions --debugger-agent=transport=dt_socket,embedding=1,server=y,suspend=n,address=127.0.0.1:56864
CodeReloadManager initialized
Begin MonoManager ReloadAssembly
Registering precompiled unity dll's ...
Register platform support module: C:/Program Files/Unity/Hub/Editor/6000.5.9f1/Editor/Data/PlaybackEngines/WebGLSupport/UnityEditor.WebGL.Extensions.dll
Register platform support module: C:/Program Files/Unity/Hub/Editor/6000.5.9f1/Editor/Data/PlaybackEngines/WindowsStandaloneSupport/UnityEditor.WindowsStandalone.Extensions.dll
[Licensing::Module] Licensing is not yet initialized.
[Licensing::Client] Error: HandshakeResponse reported an error:
	ResponseCode: 505
	ResponseStatus: Unsupported protocol version '1.18.3'.
[Licensing::Module] Error: Failed to handshake to channel: "LicenseClient-dario"
[Licensing::IpcConnector] LicenseClient-dario channel disconnected successfully.
[Licensing::IpcConnector] Successfully connected to: "LicenseClient-dario-6000.5.9" at "2026-09-06T12:14:49.0401638Z"
[Licensing::Client] Code 10 while verifying Licensing Client signature (process Id: 9012, path: "C:/Program Files/Unity/Hub/Editor/6000.5.9f1/Editor/Data/Resources/Licensing/Client/Unity.Licensing.Client.exe")
[Licensing::Module] LicensingClient has failed validation; ignoring
[Licensing::Client] Handshaking with LicensingClient:
  Version:                 1.18.3+d7ffd15
  Session Id:              27be294883c544e3ba5874a594f48560
  Correlation Id:          818e62087df7de29a4031d3f09536224
  External correlation Id: 6306568256756044150
  Machine Id:              1mBKM/KRRn+wrjIQ7P5n4qeVsdw=
[Licensing::Module] Successfully connected to LicensingClient on channel: "LicenseClient-dario-6000.5.9" (connect: 0.00s, validation: 0.00s, handshake: 0.00s)
[Licensing::IpcConnector] Successfully connected to: "LicenseClient-dario-6000.5.9-notifications" at "2026-09-06T12:14:49.0453639Z"
[Licensing::Module] Licensing Background thread has ended after 0.82s
[Licensing::Module] Licensing is initialized (took 0.19s).
[Licensing::Client] Successfully resolved entitlement details
[Licensing::Module] License group:
  Id: 6872075399360-UnityPersXXXX
  Product: Unity Personal
  Type: Assigned
  Expiration: Unlimited
Register platform support module: C:/Program Files/Unity/Hub/Editor/6000.5.9f1/Editor/Data/PlaybackEngines/AndroidPlayer/UnityEditor.Android.Extensions.dll
Registered in 0.191873 seconds.
Native extension for Android target not found
Native extension for WindowsStandalone target not found
Native extension for WebGL target not found
Package Manager log level set to [2]
[Package Manager] Failed to launch server process. Reason: Unity was launched with the -noUpm command-line argument
[Package Manager] Unable to send message (not connected to server process).
[Package Manager] Cannot connect to Unity Package Manager local server
ScheduleIndexationOnStartup MainProcess:False IndexOnStartup:True
Mono: successfully reloaded assembly
- Finished resetting the current domain, in  0.318 seconds
Domain Reload Profiling: 914ms
	BeginReloadAssembly (114ms)
	RebuildCommonClasses (7ms)
	RebuildNativeTypeToScriptingClass (16ms)
	initialDomainReloadingComplete (243ms)
	LoadAllAssembliesAndSetupDomain (216ms)
		LoadAssemblies (111ms)
		AnalyzeDomain (160ms)
			TypeCache.Refresh (159ms)
				TypeCache.ScanAssembly (150ms)
	FinalizeReload (318ms)
		SetupLoadedEditorAssemblies (0ms)
			InitializePlatformSupportModulesInManaged (7ms)
			BeforeProcessingInitializeOnLoad (59ms)
			ProcessInitializeOnLoadAttributes (60ms)
			ProcessInitializeOnLoadMethodAttributes (137ms)
Assembly reference Packages/com.unity.cinemachine/Editor/Samples/ExposeHDRPInternals/HDRP-Editor-ref.asmref has no target assembly definition
Initializing Unity extensions:
[Licensing::Client] Successfully resolved entitlement details
========================================================================
Worker process is ready to serve import requests
Import Worker Mode flag is 0x00
Assembly reference Packages/com.unity.cinemachine/Editor/Samples/ExposeHDRPInternals/HDRP-Editor-ref.asmref has no target assembly definition
Assembly reference Packages/com.unity.cinemachine/Editor/Samples/ExposeHDRPInternals/HDRP-Editor-ref.asmref has no target assembly definition
Begin MonoManager ReloadAssembly
Assembly reference Packages/com.unity.cinemachine/Editor/Samples/ExposeHDRPInternals/HDRP-Editor-ref.asmref has no target assembly definition
Assembly reference Packages/com.unity.cinemachine/Editor/Samples/ExposeHDRPInternals/HDRP-Editor-ref.asmref has no target assembly definition
'Packages/com.unity.cinemachine/Editor/Obsolete/CinemachineVirtualCameraBaseEditor.cs' contains partial class of Unity.Object, exactly 1 of the partial classes needs to be in a file with the same filename. This is to know the one that can be referenced from ie. GameObjects
'Packages/com.unity.cinemachine/Editor/Editors/CinemachineVirtualCameraBaseEditor.cs' contains partial class of Unity.Object, exactly 1 of the partial classes needs to be in a file with the same filename. This is to know the one that can be referenced from ie. GameObjects
Native extension for Android target not found
Native extension for WindowsStandalone target not found
Native extension for WebGL target not found
[Package Manager] Failed to launch server process. Reason: Unity was launched with the -noUpm command-line argument
[Package Manager] Unable to send message (not connected to server process).
[Package Manager] Cannot connect to Unity Package Manager local server
[Package Manager] Failed to launch server process. Reason: Unity was launched with the -noUpm command-line argument
[Package Manager] Unable to send message (not connected to server process).
[Package Manager] Cannot connect to Unity Package Manager local server
[Package Manager] Failed to launch server process. Reason: Unity was launched with the -noUpm command-line argument
[Package Manager] Unable to send message (not connected to server process).
[Package Manager] Cannot connect to Unity Package Manager local server
ScheduleIndexationOnStartup MainProcess:False IndexOnStartup:True
Mono: successfully reloaded assembly
- Finished resetting the current domain, in  0.567 seconds
Domain Reload Profiling: 1178ms
	BeginReloadAssembly (131ms)
		DisableScriptedObjects (8ms)
		CreateAndSetChildDomain (28ms)
	RebuildCommonClasses (6ms)
	RebuildNativeTypeToScriptingClass (11ms)
	initialDomainReloadingComplete (38ms)
	LoadAllAssembliesAndSetupDomain (425ms)
		LoadAssemblies (216ms)
		AnalyzeDomain (191ms)
			TypeCache.Refresh (140ms)
				TypeCache.ScanAssembly (130ms)
			BuildScriptInfoCaches (46ms)
			ResolveRequiredComponents (3ms)
	FinalizeReload (568ms)
		SetupLoadedEditorAssemblies (0ms)
			InitializePlatformSupportModulesInManaged (6ms)
			BeforeProcessingInitializeOnLoad (59ms)
			ProcessInitializeOnLoadAttributes (223ms)
			ProcessInitializeOnLoadMethodAttributes (81ms)
			AfterProcessingInitializeOnLoad (5ms)
		AwakeInstancesAfterBackupRestoration (8ms)
AcceleratorClientConnectionCallback - disconnected - :0
Launched and connected shader compiler UnityShaderCompiler.exe after 0.01 seconds
Unloading 23 Unused Serialized files (Serialized files now loaded: 0)
Curl error 3: URL rejected: Malformed input to a URL function
Unloading 7040 unused Assets / (5.7 MB). Loaded Objects now: 8019.
Memory consumption went from 353.3 MB to 347.6 MB.
Total: 7.649000 ms (FindLiveObjects: 0.578300 ms CreateObjectMapping: 1.663600 ms MarkObjects: 3.387000 ms  DeleteObjects: 2.018200 ms)

========================================================================
Received Prepare
AcceleratorClientConnectionCallback - disconnected - :0
Unloading 23 Unused Serialized files (Serialized files now loaded: 0)
Unloading 23 unused Assets / (2.7 MB). Loaded Objects now: 8019.
Memory consumption went from 345.2 MB to 342.6 MB.
Total: 4.475500 ms (FindLiveObjects: 0.326000 ms CreateObjectMapping: 0.475200 ms MarkObjects: 3.361100 ms  DeleteObjects: 0.311900 ms)

Prepare: number of updated asset objects reloaded= 0
========================================================================
Received Prepare
AcceleratorClientConnectionCallback - disconnected - :0
Assembly reference Packages/com.unity.cinemachine/Editor/Samples/ExposeHDRPInternals/HDRP-Editor-ref.asmref has no target assembly definition
Assembly reference Packages/com.unity.cinemachine/Editor/Samples/ExposeHDRPInternals/HDRP-Editor-ref.asmref has no target assembly definition
[Licensing::Client] Successfully resolved entitlement details
Begin MonoManager ReloadAssembly
Assembly reference Packages/com.unity.cinemachine/Editor/Samples/ExposeHDRPInternals/HDRP-Editor-ref.asmref has no target assembly definition
Assembly reference Packages/com.unity.cinemachine/Editor/Samples/ExposeHDRPInternals/HDRP-Editor-ref.asmref has no target assembly definition
'Packages/com.unity.cinemachine/Editor/Obsolete/CinemachineVirtualCameraBaseEditor.cs' contains partial class of Unity.Object, exactly 1 of the partial classes needs to be in a file with the same filename. This is to know the one that can be referenced from ie. GameObjects
'Packages/com.unity.cinemachine/Editor/Editors/CinemachineVirtualCameraBaseEditor.cs' contains partial class of Unity.Object, exactly 1 of the partial classes needs to be in a file with the same filename. This is to know the one that can be referenced from ie. GameObjects
Native extension for Android target not found
Native extension for WindowsStandalone target not found
Native extension for WebGL target not found
[Package Manager] Failed to launch server process. Reason: Unity was launched with the -noUpm command-line argument
[Package Manager] Unable to send message (not connected to server process).
[Package Manager] Cannot connect to Unity Package Manager local server
[Package Manager] Failed to launch server process. Reason: Unity was launched with the -noUpm command-line argument
[Package Manager] Unable to send message (not connected to server process).
[Package Manager] Cannot connect to Unity Package Manager local server
[Package Manager] Failed to launch server process. Reason: Unity was launched with the -noUpm command-line argument
[Package Manager] Unable to send message (not connected to server process).
[Package Manager] Cannot connect to Unity Package Manager local server
ScheduleIndexationOnStartup MainProcess:False IndexOnStartup:True
Mono: successfully reloaded assembly
- Finished resetting the current domain, in  0.489 seconds
Domain Reload Profiling: 900ms
	BeginReloadAssembly (153ms)
		DisableScriptedObjects (6ms)
		CreateAndSetChildDomain (38ms)
	RebuildCommonClasses (6ms)
	RebuildNativeTypeToScriptingClass (10ms)
	initialDomainReloadingComplete (35ms)
	LoadAllAssembliesAndSetupDomain (206ms)
		LoadAssemblies (178ms)
		AnalyzeDomain (10ms)
			TypeCache.Refresh (4ms)
			ResolveRequiredComponents (4ms)
	FinalizeReload (490ms)
		SetupLoadedEditorAssemblies (0ms)
			InitializePlatformSupportModulesInManaged (5ms)
			BeforeProcessingInitializeOnLoad (50ms)
			ProcessInitializeOnLoadAttributes (163ms)
			ProcessInitializeOnLoadMethodAttributes (73ms)
			AfterProcessingInitializeOnLoad (3ms)
		AwakeInstancesAfterBackupRestoration (12ms)
Unloading 23 Unused Serialized files (Serialized files now loaded: 0)
Unloading 7036 unused Assets / (5.3 MB). Loaded Objects now: 8064.
Memory consumption went from 356.1 MB to 350.8 MB.
Total: 6.342500 ms (FindLiveObjects: 0.595900 ms CreateObjectMapping: 1.054000 ms MarkObjects: 3.305200 ms  DeleteObjects: 1.386500 ms)

Prepare: number of updated asset objects reloaded= 0
========================================================================
Received Import Request.
  Time of request: 2026-09-06T12:23:00.7732021Z
  Time since last request: 935704.10378180001862 seconds.
  importAddress: GUID: 404cc62bef6ee0044847fd49268faab8 - Path: Assets/RainSnowCloudEffect/Materials/M_Fog_Main_URP.mat - Importer: PreviewImporter
Importing 'GUID: 404cc62bef6ee0044847fd49268faab8 - Path: Assets/RainSnowCloudEffect/Materials/M_Fog_Main_URP.mat - Importer: PreviewImporter' with importer (PreviewImporter)
Imported 'GUID: 404cc62bef6ee0044847fd49268faab8' -> (Import Result ID: 'a7cdb453a6257f96752ac41572bf9c33') in 0.300 seconds [static and dynamic dependencies]. Details - ImportResultOutputID=0bfcd20931724b2f9d5ac8d5dc712cf3 DependenciesID=046541b71d33e280912e0d2de8cfa194 StaticDependenciesID=ebcde862bbee74191af32f8cfb190d8e 
Number of updated asset objects reloaded before import = 0
Number of asset objects unloaded after import = 4
========================================================================
Received Import Request.
  Time of request: 2026-09-06T12:23:01.0857683Z
  Time since last request: 0.0000228 seconds.
  importAddress: GUID: e1d3ac2a4168eac42a2c2bfce89a5401 - Path: Assets/RainSnowCloudEffect/Materials/M_Snow_Foreground_URP.mat - Importer: PreviewImporter
Importing 'GUID: e1d3ac2a4168eac42a2c2bfce89a5401 - Path: Assets/RainSnowCloudEffect/Materials/M_Snow_Foreground_URP.mat - Importer: PreviewImporter' with importer (PreviewImporter)
Imported 'GUID: e1d3ac2a4168eac42a2c2bfce89a5401' -> (Import Result ID: 'b078601d66534f7236ed7155f39b7cc6') in 0.013 seconds [static and dynamic dependencies]. Details - ImportResultOutputID=ea437e1ba38dc466b0ba1bd80b31ad68 DependenciesID=f144e9bd30979dd4ab9b9a422de21139 StaticDependenciesID=6676669162c67730315fffea05c02e75 
Number of updated asset objects reloaded before import = 0
Number of asset objects unloaded after import = 3
========================================================================
Received Import Request.
  Time of request: 2026-09-06T12:23:01.1070832Z
  Time since last request: 0.0001639 seconds.
  importAddress: GUID: 88567c39e4f99df4e9caacb1d47ee6b1 - Path: Assets/RainSnowCloudEffect/Materials/M_Snow_Mist_URP.mat - Importer: PreviewImporter
Importing 'GUID: 88567c39e4f99df4e9caacb1d47ee6b1 - Path: Assets/RainSnowCloudEffect/Materials/M_Snow_Mist_URP.mat - Importer: PreviewImporter' with importer (PreviewImporter)
Imported 'GUID: 88567c39e4f99df4e9caacb1d47ee6b1' -> (Import Result ID: '92b2aa406288a066c60bbdb8e8b77135') in 0.008 seconds [static and dynamic dependencies]. Details - ImportResultOutputID=ca441efd97acffac39bc0a3e8fcae214 DependenciesID=f52446929f03b3d81281cba9be27cd18 StaticDependenciesID=3d43e9150b8730d35b0948ebb1947567 
Number of updated asset objects reloaded before import = 0
Number of asset objects unloaded after import = 3
========================================================================
Received Prepare
AcceleratorClientConnectionCallback - disconnected - :0
Unloading 23 Unused Serialized files (Serialized files now loaded: 0)
Unloading 23 unused Assets / (2.7 MB). Loaded Objects now: 8220.
Memory consumption went from 367.7 MB to 365.1 MB.
Total: 5.669400 ms (FindLiveObjects: 0.354700 ms CreateObjectMapping: 0.479000 ms MarkObjects: 4.483600 ms  DeleteObjects: 0.351100 ms)

Prepare: number of updated asset objects reloaded= 0
========================================================================
Received Prepare
AcceleratorClientConnectionCallback - disconnected - :0
Assembly reference Packages/com.unity.cinemachine/Editor/Samples/ExposeHDRPInternals/HDRP-Editor-ref.asmref has no target assembly definition
Assembly reference Packages/com.unity.cinemachine/Editor/Samples/ExposeHDRPInternals/HDRP-Editor-ref.asmref has no target assembly definition
[Licensing::Client] Successfully resolved entitlement details
Begin MonoManager ReloadAssembly
Assembly reference Packages/com.unity.cinemachine/Editor/Samples/ExposeHDRPInternals/HDRP-Editor-ref.asmref has no target assembly definition
Assembly reference Packages/com.unity.cinemachine/Editor/Samples/ExposeHDRPInternals/HDRP-Editor-ref.asmref has no target assembly definition
'Packages/com.unity.cinemachine/Editor/Obsolete/CinemachineVirtualCameraBaseEditor.cs' contains partial class of Unity.Object, exactly 1 of the partial classes needs to be in a file with the same filename. This is to know the one that can be referenced from ie. GameObjects
'Packages/com.unity.cinemachine/Editor/Editors/CinemachineVirtualCameraBaseEditor.cs' contains partial class of Unity.Object, exactly 1 of the partial classes needs to be in a file with the same filename. This is to know the one that can be referenced from ie. GameObjects
Native extension for Android target not found
Native extension for WindowsStandalone target not found
Native extension for WebGL target not found
[Package Manager] Failed to launch server process. Reason: Unity was launched with the -noUpm command-line argument
[Package Manager] Unable to send message (not connected to server process).
[Package Manager] Cannot connect to Unity Package Manager local server
[Package Manager] Failed to launch server process. Reason: Unity was launched with the -noUpm command-line argument
[Package Manager] Unable to send message (not connected to server process).
[Package Manager] Cannot connect to Unity Package Manager local server
[Package Manager] Failed to launch server process. Reason: Unity was launched with the -noUpm command-line argument
[Package Manager] Unable to send message (not connected to server process).
[Package Manager] Cannot connect to Unity Package Manager local server
ScheduleIndexationOnStartup MainProcess:False IndexOnStartup:True
Mono: successfully reloaded assembly
- Finished resetting the current domain, in  0.448 seconds
Domain Reload Profiling: 859ms
	BeginReloadAssembly (155ms)
		DisableScriptedObjects (15ms)
		CreateAndSetChildDomain (43ms)
	RebuildCommonClasses (6ms)
	RebuildNativeTypeToScriptingClass (10ms)
	initialDomainReloadingComplete (31ms)
	LoadAllAssembliesAndSetupDomain (207ms)
		LoadAssemblies (175ms)
		AnalyzeDomain (10ms)
			TypeCache.Refresh (4ms)
			ResolveRequiredComponents (4ms)
	FinalizeReload (449ms)
		SetupLoadedEditorAssemblies (0ms)
			InitializePlatformSupportModulesInManaged (5ms)
			BeforeProcessingInitializeOnLoad (52ms)
			ProcessInitializeOnLoadAttributes (164ms)
			ProcessInitializeOnLoadMethodAttributes (74ms)
			AfterProcessingInitializeOnLoad (4ms)
		AwakeInstancesAfterBackupRestoration (15ms)
Unloading 23 Unused Serialized files (Serialized files now loaded: 0)
Unloading 7036 unused Assets / (5.3 MB). Loaded Objects now: 8132.
Memory consumption went from 371.1 MB to 365.8 MB.
Total: 6.304800 ms (FindLiveObjects: 0.590000 ms CreateObjectMapping: 1.032100 ms MarkObjects: 3.272900 ms  DeleteObjects: 1.409200 ms)

Prepare: number of updated asset objects reloaded= 0
========================================================================
Received Prepare
AcceleratorClientConnectionCallback - disconnected - :0
Assembly reference Packages/com.unity.cinemachine/Editor/Samples/ExposeHDRPInternals/HDRP-Editor-ref.asmref has no target assembly definition
Assembly reference Packages/com.unity.cinemachine/Editor/Samples/ExposeHDRPInternals/HDRP-Editor-ref.asmref has no target assembly definition
[Licensing::Client] Successfully resolved entitlement details
Begin MonoManager ReloadAssembly
Assembly reference Packages/com.unity.cinemachine/Editor/Samples/ExposeHDRPInternals/HDRP-Editor-ref.asmref has no target assembly definition
Assembly reference Packages/com.unity.cinemachine/Editor/Samples/ExposeHDRPInternals/HDRP-Editor-ref.asmref has no target assembly definition
'Packages/com.unity.cinemachine/Editor/Obsolete/CinemachineVirtualCameraBaseEditor.cs' contains partial class of Unity.Object, exactly 1 of the partial classes needs to be in a file with the same filename. This is to know the one that can be referenced from ie. GameObjects
'Packages/com.unity.cinemachine/Editor/Editors/CinemachineVirtualCameraBaseEditor.cs' contains partial class of Unity.Object, exactly 1 of the partial classes needs to be in a file with the same filename. This is to know the one that can be referenced from ie. GameObjects
Native extension for Android target not found
Native extension for WindowsStandalone target not found
Native extension for WebGL target not found
[Package Manager] Failed to launch server process. Reason: Unity was launched with the -noUpm command-line argument
[Package Manager] Unable to send message (not connected to server process).
[Package Manager] Cannot connect to Unity Package Manager local server
[Package Manager] Failed to launch server process. Reason: Unity was launched with the -noUpm command-line argument
[Package Manager] Unable to send message (not connected to server process).
[Package Manager] Cannot connect to Unity Package Manager local server
[Package Manager] Failed to launch server process. Reason: Unity was launched with the -noUpm command-line argument
[Package Manager] Unable to send message (not connected to server process).
[Package Manager] Cannot connect to Unity Package Manager local server
ScheduleIndexationOnStartup MainProcess:False IndexOnStartup:True
Mono: successfully reloaded assembly
- Finished resetting the current domain, in  0.452 seconds
Domain Reload Profiling: 842ms
	BeginReloadAssembly (140ms)
		DisableScriptedObjects (7ms)
		CreateAndSetChildDomain (35ms)
	RebuildCommonClasses (6ms)
	RebuildNativeTypeToScriptingClass (10ms)
	initialDomainReloadingComplete (32ms)
	LoadAllAssembliesAndSetupDomain (202ms)
		LoadAssemblies (172ms)
		AnalyzeDomain (10ms)
			TypeCache.Refresh (4ms)
			ResolveRequiredComponents (4ms)
	FinalizeReload (453ms)
		SetupLoadedEditorAssemblies (0ms)
			InitializePlatformSupportModulesInManaged (5ms)
			BeforeProcessingInitializeOnLoad (52ms)
			ProcessInitializeOnLoadAttributes (165ms)
			ProcessInitializeOnLoadMethodAttributes (73ms)
			AfterProcessingInitializeOnLoad (4ms)
		AwakeInstancesAfterBackupRestoration (16ms)
Unloading 23 Unused Serialized files (Serialized files now loaded: 0)
Unloading 7036 unused Assets / (5.2 MB). Loaded Objects now: 8135.
Memory consumption went from 374.1 MB to 368.9 MB.
Total: 6.148400 ms (FindLiveObjects: 0.591800 ms CreateObjectMapping: 1.030900 ms MarkObjects: 3.146200 ms  DeleteObjects: 1.378600 ms)

Prepare: number of updated asset objects reloaded= 0
========================================================================
Received Import Request.
  Time of request: 2026-09-06T12:38:07.6146202Z
  Time since last request: 906.48954100000003 seconds.
  importAddress: GUID: b41d630ccc344454bb1f27587f9acd70 - Path: Assets/Starter Assets/Runtime/ThirdPersonController/Character/Textures/Armature_Arms_MetallicSmoothness.tif - Importer: PreviewImporter
Importing 'GUID: b41d630ccc344454bb1f27587f9acd70 - Path: Assets/Starter Assets/Runtime/ThirdPersonController/Character/Textures/Armature_Arms_MetallicSmoothness.tif - Importer: PreviewImporter' with importer (PreviewImporter)
[Licensing::Client] Successfully resolved entitlement details
Imported 'GUID: b41d630ccc344454bb1f27587f9acd70' -> (Import Result ID: '0dd2d28daa3f417e86230dea72a2cf3c') in 0.067 seconds [static and dynamic dependencies]. Details - ImportResultOutputID=5fc0f3eace34052ab7836be2f323402f DependenciesID=37f585100a5362729077d416f53b9e8f StaticDependenciesID=cb52e99b2e5a8ac8000c0ce6d7c2f226 
Number of updated asset objects reloaded before import = 0
Number of asset objects unloaded after import = 2
========================================================================
Received Import Request.
  Time of request: 2026-09-06T12:38:07.6960041Z
  Time since last request: 0.0002626 seconds.
  importAddress: GUID: 28d78c5517421f047b88352f3b18e8e7 - Path: Assets/Starter Assets/Runtime/ThirdPersonController/Character/Textures/Armature_Body_AlbedoTransparency.tif - Importer: PreviewImporter
Importing 'GUID: 28d78c5517421f047b88352f3b18e8e7 - Path: Assets/Starter Assets/Runtime/ThirdPersonController/Character/Textures/Armature_Body_AlbedoTransparency.tif - Importer: PreviewImporter' with importer (PreviewImporter)
Imported 'GUID: 28d78c5517421f047b88352f3b18e8e7' -> (Import Result ID: '188f7f07015fcb564a0441f67ffaf172') in 0.009 seconds [static and dynamic dependencies]. Details - ImportResultOutputID=d6526ffe8026d2a5a491e1d2622b8b22 DependenciesID=f33f82de4989066134ffc3d96f4fb2f2 StaticDependenciesID=b79370a54f4bdfd957ed4cf7e55087ae 
Number of updated asset objects reloaded before import = 0
Number of asset objects unloaded after import = 2
========================================================================
Received Import Request.
  Time of request: 2026-09-06T12:38:07.7168611Z
  Time since last request: 0.0003338 seconds.
  importAddress: GUID: 2a3daea46c599324e873f935ab08000a - Path: Assets/Starter Assets/Runtime/ThirdPersonController/Character/Textures/Armature_Body_Normal.tif - Importer: PreviewImporter
Importing 'GUID: 2a3daea46c599324e873f935ab08000a - Path: Assets/Starter Assets/Runtime/ThirdPersonController/Character/Textures/Armature_Body_Normal.tif - Importer: PreviewImporter' with importer (PreviewImporter)
Imported 'GUID: 2a3daea46c599324e873f935ab08000a' -> (Import Result ID: '9f75fce555110bad7676adedc5172e9b') in 0.017 seconds [static and dynamic dependencies]. Details - ImportResultOutputID=bc201b4f2fcd236eb84f7d539b923657 DependenciesID=b4ffeec71d7a3308223e4d13371f1e8a StaticDependenciesID=b62772ddad04ee122e5b4178a74c816c 
Number of updated asset objects reloaded before import = 0
Number of asset objects unloaded after import = 2
========================================================================
Received Import Request.
  Time of request: 2026-09-06T12:38:10.1941355Z
  Time since last request: 2.4441485 seconds.
  importAddress: GUID: 1c98c94efa7792645972ecf95e6f86c2 - Path: Assets/Starter Assets/Runtime/ThirdPersonController/Character/Textures/Armature_Legs_MetallicSmoothness.tif - Importer: PreviewImporter
Importing 'GUID: 1c98c94efa7792645972ecf95e6f86c2 - Path: Assets/Starter Assets/Runtime/ThirdPersonController/Character/Textures/Armature_Legs_MetallicSmoothness.tif - Importer: PreviewImporter' with importer (PreviewImporter)
Imported 'GUID: 1c98c94efa7792645972ecf95e6f86c2' -> (Import Result ID: '27ca3673fa61095b76d9e769e96a4442') in 0.008 seconds [static and dynamic dependencies]. Details - ImportResultOutputID=85bcd919fa7f4d552acc98358ff0ff66 DependenciesID=0511a263bff008f078e6dff0d1fdfd78 StaticDependenciesID=b21ae11bd8a9678e1d863bb252243729 
Number of updated asset objects reloaded before import = 0
Number of asset objects unloaded after import = 2
========================================================================
Received Import Request.
  Time of request: 2026-09-06T12:38:10.235803Z
  Time since last request: 0.0230413 seconds.
  importAddress: GUID: 64d6bedfd9838e14fb51c78c8e947042 - Path: Assets/Starter Assets/Runtime/ThirdPersonController/Character/Textures/Armature_Legs_RGB.tif - Importer: PreviewImporter
Importing 'GUID: 64d6bedfd9838e14fb51c78c8e947042 - Path: Assets/Starter Assets/Runtime/ThirdPersonController/Character/Textures/Armature_Legs_RGB.tif - Importer: PreviewImporter' with importer (PreviewImporter)
Imported 'GUID: 64d6bedfd9838e14fb51c78c8e947042' -> (Import Result ID: 'cd8d24957a8b20fd045db13c7f0addd0') in 0.008 seconds [static and dynamic dependencies]. Details - ImportResultOutputID=18927970022caae63dfe3dcaba24009e DependenciesID=9e7955bebc33fe292de8fcfbad8c7a7c StaticDependenciesID=c2cbde4aae85d365df882f6ea5d06d2f 
Number of updated asset objects reloaded before import = 0
Number of asset objects unloaded after import = 2
========================================================================
Received Import Request.
  Time of request: 2026-09-06T12:38:10.2606222Z
  Time since last request: 0.0062652 seconds.
  importAddress: GUID: 38a598abad0b85e46b9cae203fb2f6b2 - Path: Assets/Synty/PolygonSciFiCity/Textures/Misc/Billboards_01.png - Importer: PreviewImporter
Importing 'GUID: 38a598abad0b85e46b9cae203fb2f6b2 - Path: Assets/Synty/PolygonSciFiCity/Textures/Misc/Billboards_01.png - Importer: PreviewImporter' with importer (PreviewImporter)
Imported 'GUID: 38a598abad0b85e46b9cae203fb2f6b2' -> (Import Result ID: 'c7f427c5be12dae21332d192caa1053d') in 0.007 seconds [static and dynamic dependencies]. Details - ImportResultOutputID=5627cffa323c7dda3b04c14d4064ff4c DependenciesID=d094517bbffa17e0df8aaa2d5751ff4c StaticDependenciesID=8006547640abc625d35dd925028be8b1 
Number of updated asset objects reloaded before import = 0
Number of asset objects unloaded after import = 2
========================================================================
Received Import Request.
  Time of request: 2026-09-06T12:38:11.9129557Z
  Time since last request: 1.6354492 seconds.
  importAddress: GUID: ec138a587ef5adc488cf01a681a9e4c2 - Path: Assets/Real Stars Skybox/StarSkybox04Named/CubemapStarsNamed.cubemap - Importer: PreviewImporter
Importing 'GUID: ec138a587ef5adc488cf01a681a9e4c2 - Path: Assets/Real Stars Skybox/StarSkybox04Named/CubemapStarsNamed.cubemap - Importer: PreviewImporter' with importer (PreviewImporter)
Imported 'GUID: ec138a587ef5adc488cf01a681a9e4c2' -> (Import Result ID: 'aa14da58efa2ed9301690c7a26e2acd5') in 0.659 seconds [static and dynamic dependencies]. Details - ImportResultOutputID=27442b5df7cef679e9e4c4c6977b4b0a DependenciesID=bf11eb03aca49df0dc99177426dcb69c StaticDependenciesID=b88218f7a62143617d921e9ffe61a2d7 
Number of updated asset objects reloaded before import = 0
Number of asset objects unloaded after import = 1
========================================================================
Received Import Request.
  Time of request: 2026-09-06T12:38:18.458926Z
  Time since last request: 5.870784 seconds.
  importAddress: GUID: bbf7bed3f69f479a994b89bed66dea12 - Path: Assets/Synty/PolygonGeneric/Textures/FX/Fire/Gen_FireFrames_Large_Grey_01.png - Importer: PreviewImporter
Importing 'GUID: bbf7bed3f69f479a994b89bed66dea12 - Path: Assets/Synty/PolygonGeneric/Textures/FX/Fire/Gen_FireFrames_Large_Grey_01.png - Importer: PreviewImporter' with importer (PreviewImporter)
Imported 'GUID: bbf7bed3f69f479a994b89bed66dea12' -> (Import Result ID: 'eea6d27bdce2b0d0dde8a6f460301e30') in 0.028 seconds [static and dynamic dependencies]. Details - ImportResultOutputID=14d677f4f7bc34d17b2f61668583ed32 DependenciesID=3040892a6a8403970a2f8b9c5f6734ae StaticDependenciesID=83fb9ccced9d10e71be05bd52e92ad96 
Number of updated asset objects reloaded before import = 0
Number of asset objects unloaded after import = 2
========================================================================
Received Import Request.
  Time of request: 2026-09-06T12:38:18.50053Z
  Time since last request: 0.0023974 seconds.
  importAddress: GUID: bc94a070e9b18c741a0c978fbf850a62 - Path: Assets/Synty/PolygonGeneric/Textures/Alts/Generic_01_B.png - Importer: PreviewImporter
Importing 'GUID: bc94a070e9b18c741a0c978fbf850a62 - Path: Assets/Synty/PolygonGeneric/Textures/Alts/Generic_01_B.png - Importer: PreviewImporter' with importer (PreviewImporter)
Imported 'GUID: bc94a070e9b18c741a0c978fbf850a62' -> (Import Result ID: '1b43ef893a5962b0ac0422d03cf2b8fc') in 0.015 seconds [static and dynamic dependencies]. Details - ImportResultOutputID=63b92f74130b428fd787171ce9ced21c DependenciesID=6d8c8df1495dd0e4a3a994bfb884ddb0 StaticDependenciesID=d106f6275af3637ac5a105bb2bfb0ce2 
Number of updated asset objects reloaded before import = 0
Number of asset objects unloaded after import = 2
========================================================================
Received Import Request.
  Time of request: 2026-09-06T12:38:18.5273836Z
  Time since last request: 0.0000192 seconds.
  importAddress: GUID: 4f9422f7e6b72d94ebc054a2a96c022e - Path: Assets/Synty/PolygonGeneric/Textures/Alts/Generic_02_A.png - Importer: PreviewImporter
Importing 'GUID: 4f9422f7e6b72d94ebc054a2a96c022e - Path: Assets/Synty/PolygonGeneric/Textures/Alts/Generic_02_A.png - Importer: PreviewImporter' with importer (PreviewImporter)
Imported 'GUID: 4f9422f7e6b72d94ebc054a2a96c022e' -> (Import Result ID: 'a19104564cff61b110483da864b6eb6e') in 0.013 seconds [static and dynamic dependencies]. Details - ImportResultOutputID=e89514bdb51eb7905aadace3c884c1c4 DependenciesID=0fa9071b1b6b543ff0bbd98380ae450f StaticDependenciesID=973cea85d48874a20d8a1524d7ff2064 
Number of updated asset objects reloaded before import = 0
Number of asset objects unloaded after import = 2
========================================================================
Received Prepare
AcceleratorClientConnectionCallback - disconnected - :0
Assembly reference Packages/com.unity.cinemachine/Editor/Samples/ExposeHDRPInternals/HDRP-Editor-ref.asmref has no target assembly definition
Assembly reference Packages/com.unity.cinemachine/Editor/Samples/ExposeHDRPInternals/HDRP-Editor-ref.asmref has no target assembly definition
[Licensing::Client] Successfully resolved entitlement details
Begin MonoManager ReloadAssembly
Assembly reference Packages/com.unity.cinemachine/Editor/Samples/ExposeHDRPInternals/HDRP-Editor-ref.asmref has no target assembly definition
Assembly reference Packages/com.unity.cinemachine/Editor/Samples/ExposeHDRPInternals/HDRP-Editor-ref.asmref has no target assembly definition
'Packages/com.unity.cinemachine/Editor/Obsolete/CinemachineVirtualCameraBaseEditor.cs' contains partial class of Unity.Object, exactly 1 of the partial classes needs to be in a file with the same filename. This is to know the one that can be referenced from ie. GameObjects
'Packages/com.unity.cinemachine/Editor/Editors/CinemachineVirtualCameraBaseEditor.cs' contains partial class of Unity.Object, exactly 1 of the partial classes needs to be in a file with the same filename. This is to know the one that can be referenced from ie. GameObjects
Native extension for Android target not found
Native extension for WindowsStandalone target not found
Native extension for WebGL target not found
[Package Manager] Failed to launch server process. Reason: Unity was launched with the -noUpm command-line argument
[Package Manager] Unable to send message (not connected to server process).
[Package Manager] Cannot connect to Unity Package Manager local server
[Package Manager] Failed to launch server process. Reason: Unity was launched with the -noUpm command-line argument
[Package Manager] Unable to send message (not connected to server process).
[Package Manager] Cannot connect to Unity Package Manager local server
[Package Manager] Failed to launch server process. Reason: Unity was launched with the -noUpm command-line argument
[Package Manager] Unable to send message (not connected to server process).
[Package Manager] Cannot connect to Unity Package Manager local server
ScheduleIndexationOnStartup MainProcess:False IndexOnStartup:True
Mono: successfully reloaded assembly
- Finished resetting the current domain, in  0.473 seconds
Domain Reload Profiling: 906ms
	BeginReloadAssembly (160ms)
		DisableScriptedObjects (15ms)
		CreateAndSetChildDomain (43ms)
	RebuildCommonClasses (6ms)
	RebuildNativeTypeToScriptingClass (11ms)
	initialDomainReloadingComplete (37ms)
	LoadAllAssembliesAndSetupDomain (218ms)
		LoadAssemblies (188ms)
		AnalyzeDomain (11ms)
			TypeCache.Refresh (4ms)
			ResolveRequiredComponents (4ms)
	FinalizeReload (474ms)
		SetupLoadedEditorAssemblies (0ms)
			InitializePlatformSupportModulesInManaged (5ms)
			BeforeProcessingInitializeOnLoad (54ms)
			ProcessInitializeOnLoadAttributes (170ms)
			ProcessInitializeOnLoadMethodAttributes (79ms)
			AfterProcessingInitializeOnLoad (4ms)
		AwakeInstancesAfterBackupRestoration (16ms)
Unloading 23 Unused Serialized files (Serialized files now loaded: 0)
Unloading 7036 unused Assets / (5.6 MB). Loaded Objects now: 8164.
Memory consumption went from 368.6 MB to 362.9 MB.
Total: 8.338200 ms (FindLiveObjects: 0.599600 ms CreateObjectMapping: 1.055300 ms MarkObjects: 4.795400 ms  DeleteObjects: 1.886900 ms)

Prepare: number of updated asset objects reloaded= 0
Editor requested this worker to shutdown with reason: Scaling down because of idle timeout
AcceleratorClientConnectionCallback - disconnected - :0
AssetImportWorker is now disconnected from the server
Process exiting
Exiting without the bug reporter. Application will terminate with return code 0